// Jest Snapshot v1, https://goo.gl/fbAQLP

exports[`updateVersionRange() should match the expected new version range 1`] = `
Array [
  "~0.6.1-1     becomes     ^5.0.0",
  "1.0.0 - 2.0.0     becomes     ^5.0.0",
  "1.0.0-2.0.0     becomes     ^5.0.0",
  "1.0.0     becomes     5.0.0",
  "   1.0.0        becomes     5.0.0",
  "1.0.0-beta.1     becomes     5.0.0",
  ">=1.0.0-beta.1     becomes     >=5.0.0",
  "1.0.0-BETA.1     becomes     5.0.0",
  "1.0.0-alpha-1     becomes     5.0.0",
  "1.0.0 alpha     becomes     ^5.0.0",
  "~1.0.0     becomes     ~5.0.0",
  "   ~1.0.0        becomes     ~5.0.0",
  "~1.0.x     becomes     ~5.0.x",
  ">=*     becomes     ^5.0.0",
  "     becomes     ^5.0.0",
  "*     becomes     ^5.0.0",
  ">=1.0.0     becomes     >=5.0.0",
  "   >=1.0.0        becomes     >=5.0.0",
  ">1.0.0     becomes     ^5.0.0",
  "   >1.0.0         becomes     ^5.0.0",
  "<=2.0.0     becomes     ^5.0.0",
  "<2.0.0     becomes     ^5.0.0",
  ">=   1.0.0     becomes     ^5.0.0",
  "> 1.0.0     becomes     ^5.0.0",
  "<=   2.0.0     becomes     ^5.0.0",
  "<    2.0.0     becomes     ^5.0.0",
  "<	2.0.0     becomes     ^5.0.0",
  ">=0.1.97     becomes     >=5.0.0",
  "0.1.20 || 1.2.4     becomes     ^5.0.0",
  ">=0.2.3 || <0.0.1     becomes     ^5.0.0",
  "||     becomes     ^5.0.0",
  "2.x.x     becomes     5.x.x",
  "1.2.x     becomes     5.0.x",
  "1.2.x || 2.x     becomes     ^5.0.0",
  "x     becomes     ^5.0.0",
  "2.*.*     becomes     5.*.*",
  "1.2.*     becomes     5.0.*",
  "1.2.* || 2.*     becomes     ^5.0.0",
  "2     becomes     ^5.0.0",
  "2.3     becomes     ^5.0.0",
  "~2.4     becomes     ^5.0.0",
  "~>3.2.1     becomes     ^5.0.0",
  "~1     becomes     ^5.0.0",
  "~>1     becomes     ^5.0.0",
  "~> 1     becomes     ^5.0.0",
  "~1.0     becomes     ^5.0.0",
  "~ 1.0     becomes     ^5.0.0",
  ">=1     becomes     ^5.0.0",
  ">= 1     becomes     ^5.0.0",
  "<1.2     becomes     ^5.0.0",
  "< 1.2     becomes     ^5.0.0",
  "1     becomes     ^5.0.0",
  "~v0.5.4-pre     becomes     ^5.0.0",
  "~v0.5.4-pre     becomes     ^5.0.0",
  "=0.7.x     becomes     ^5.0.0",
  ">=0.7.x     becomes     >=5.0.x",
  ">=0.7.X     becomes     >=5.0.X",
  "=0.7.x     becomes     ^5.0.0",
  ">=0.7.x     becomes     >=5.0.x",
  "<=0.7.x     becomes     ^5.0.0",
  ">0.2.3 >0.2.4 <=0.2.5     becomes     ^5.0.0",
  ">=0.2.3 <=0.2.4     becomes     ^5.0.0",
  "1.0.0 - 2.0.0     becomes     ^5.0.0",
  "^1     becomes     ^5.0.0",
  "^3.0.0     becomes     ^5.0.0",
  "^1.0.0 || ~2.0.1     becomes     ^5.0.0",
  "^0.1.0 || ~3.0.1 || 5.0.0     becomes     ^5.0.0",
  "^0.1.0 || ~3.0.1 || >4 <=5.0.0     becomes     ^5.0.0",
  "*.1.2     becomes     ^5.0.0",
  "x.1.2     becomes     ^5.0.0",
  "1.x.2     becomes     5.x.x",
  "1.*.2     becomes     5.*.*",
]
`;

exports[`updateVersionRange() when the new version contains a release tag should match the expected new version range 1`] = `
Array [
  "~0.6.1-1     becomes     ^5.0.0-beta.1",
  "1.0.0 - 2.0.0     becomes     ^5.0.0-beta.1",
  "1.0.0-2.0.0     becomes     ^5.0.0-beta.1",
  "1.0.0     becomes     5.0.0-beta.1",
  "   1.0.0        becomes     5.0.0-beta.1",
  "1.0.0-beta.1     becomes     5.0.0-beta.1",
  ">=1.0.0-beta.1     becomes     >=5.0.0-beta.1",
  "1.0.0-BETA.1     becomes     5.0.0-beta.1",
  "1.0.0-alpha-1     becomes     5.0.0-beta.1",
  "1.0.0 alpha     becomes     ^5.0.0-beta.1",
  "~1.0.0     becomes     ~5.0.0-beta.1",
  "   ~1.0.0        becomes     ~5.0.0-beta.1",
  "~1.0.x     becomes     ^5.0.0-beta.1",
  ">=*     becomes     ^5.0.0-beta.1",
  "     becomes     ^5.0.0-beta.1",
  "*     becomes     ^5.0.0-beta.1",
  ">=1.0.0     becomes     >=5.0.0-beta.1",
  "   >=1.0.0        becomes     >=5.0.0-beta.1",
  ">1.0.0     becomes     ^5.0.0-beta.1",
  "   >1.0.0         becomes     ^5.0.0-beta.1",
  "<=2.0.0     becomes     ^5.0.0-beta.1",
  "<2.0.0     becomes     ^5.0.0-beta.1",
  ">=   1.0.0     becomes     ^5.0.0-beta.1",
  "> 1.0.0     becomes     ^5.0.0-beta.1",
  "<=   2.0.0     becomes     ^5.0.0-beta.1",
  "<    2.0.0     becomes     ^5.0.0-beta.1",
  "<	2.0.0     becomes     ^5.0.0-beta.1",
  ">=0.1.97     becomes     >=5.0.0-beta.1",
  "0.1.20 || 1.2.4     becomes     ^5.0.0-beta.1",
  ">=0.2.3 || <0.0.1     becomes     ^5.0.0-beta.1",
  "||     becomes     ^5.0.0-beta.1",
  "2.x.x     becomes     ^5.0.0-beta.1",
  "1.2.x     becomes     ^5.0.0-beta.1",
  "1.2.x || 2.x     becomes     ^5.0.0-beta.1",
  "x     becomes     ^5.0.0-beta.1",
  "2.*.*     becomes     ^5.0.0-beta.1",
  "1.2.*     becomes     ^5.0.0-beta.1",
  "1.2.* || 2.*     becomes     ^5.0.0-beta.1",
  "2     becomes     ^5.0.0-beta.1",
  "2.3     becomes     ^5.0.0-beta.1",
  "~2.4     becomes     ^5.0.0-beta.1",
  "~>3.2.1     becomes     ^5.0.0-beta.1",
  "~1     becomes     ^5.0.0-beta.1",
  "~>1     becomes     ^5.0.0-beta.1",
  "~> 1     becomes     ^5.0.0-beta.1",
  "~1.0     becomes     ^5.0.0-beta.1",
  "~ 1.0     becomes     ^5.0.0-beta.1",
  ">=1     becomes     ^5.0.0-beta.1",
  ">= 1     becomes     ^5.0.0-beta.1",
  "<1.2     becomes     ^5.0.0-beta.1",
  "< 1.2     becomes     ^5.0.0-beta.1",
  "1     becomes     ^5.0.0-beta.1",
  "~v0.5.4-pre     becomes     ^5.0.0-beta.1",
  "~v0.5.4-pre     becomes     ^5.0.0-beta.1",
  "=0.7.x     becomes     ^5.0.0-beta.1",
  ">=0.7.x     becomes     ^5.0.0-beta.1",
  ">=0.7.X     becomes     ^5.0.0-beta.1",
  "=0.7.x     becomes     ^5.0.0-beta.1",
  ">=0.7.x     becomes     ^5.0.0-beta.1",
  "<=0.7.x     becomes     ^5.0.0-beta.1",
  ">0.2.3 >0.2.4 <=0.2.5     becomes     ^5.0.0-beta.1",
  ">=0.2.3 <=0.2.4     becomes     ^5.0.0-beta.1",
  "1.0.0 - 2.0.0     becomes     ^5.0.0-beta.1",
  "^1     becomes     ^5.0.0-beta.1",
  "^3.0.0     becomes     ^5.0.0-beta.1",
  "^1.0.0 || ~2.0.1     becomes     ^5.0.0-beta.1",
  "^0.1.0 || ~3.0.1 || 5.0.0     becomes     ^5.0.0-beta.1",
  "^0.1.0 || ~3.0.1 || >4 <=5.0.0     becomes     ^5.0.0-beta.1",
  "*.1.2     becomes     ^5.0.0-beta.1",
  "x.1.2     becomes     ^5.0.0-beta.1",
  "1.x.2     becomes     ^5.0.0-beta.1",
  "1.*.2     becomes     ^5.0.0-beta.1",
]
`;
