// Jest Snapshot v1, https://goo.gl/fbAQLP

exports[`new Updtr() .config should match the default shape 1`] = `
Object {
  "cwd": "/updtr/test/cwd",
  "exclude": Array [],
  "registry": undefined,
  "save": "smart",
  "test": undefined,
  "updateTo": "latest",
  "use": "npm",
}
`;
