// Jest Snapshot v1, https://goo.gl/fbAQLP

exports[`cmds .npm .install() multiple modules custom registry should match snapshot 1`] = `"npm install --registry \\"http://example.com/registry\\" \\"a@1.0.0\\" \\"b@1.0.0\\""`;

exports[`cmds .npm .install() multiple modules should match snapshot 1`] = `"npm install \\"a@1.0.0\\" \\"b@1.0.0\\""`;

exports[`cmds .npm .install() one module custom registry should match snapshot 1`] = `"npm install --registry \\"http://example.com/registry\\" \\"a@1.0.0\\""`;

exports[`cmds .npm .install() one module should match snapshot 1`] = `"npm install \\"a@1.0.0\\""`;

exports[`cmds .npm .installMissing() custom registry should match snapshot 1`] = `"npm install --registry \\"http://example.com\\""`;

exports[`cmds .npm .installMissing() should match snapshot 1`] = `"npm install"`;

exports[`cmds .npm .list() no arguments should match snapshot 1`] = `"npm ls --json --depth=0"`;

exports[`cmds .npm .list() with modules should match snapshot 1`] = `"npm ls --json --depth=0 a b c"`;

exports[`cmds .npm .outdated() should match snapshot 1`] = `"npm outdated --json --depth=0"`;

exports[`cmds .npm .test() should match snapshot 1`] = `"npm test"`;

exports[`cmds .yarn .install() multiple modules custom registry should match snapshot 1`] = `"yarn add --registry \\"http://example.com/registry\\" \\"a@1.0.0\\" \\"b@1.0.0\\""`;

exports[`cmds .yarn .install() multiple modules should match snapshot 1`] = `"yarn add \\"a@1.0.0\\" \\"b@1.0.0\\""`;

exports[`cmds .yarn .install() one module custom registry should match snapshot 1`] = `"yarn add --registry \\"http://example.com/registry\\" \\"some-module@1.0.0\\""`;

exports[`cmds .yarn .install() one module should match snapshot 1`] = `"yarn add \\"some-module@1.0.0\\""`;

exports[`cmds .yarn .installMissing() custom registry should match snapshot 1`] = `"yarn --registry \\"http://example.com\\""`;

exports[`cmds .yarn .installMissing() should match snapshot 1`] = `"yarn"`;

exports[`cmds .yarn .outdated() should match snapshot 1`] = `"yarn outdated --json --flat"`;

exports[`cmds .yarn .test() should match snapshot 1`] = `"yarn test"`;
